PS G:\udacity> ssh -i .\sekey.pem ec2-user@3.137.162.112

       __|  __|_  )
       _|  (     /   Amazon Linux 2 AMI
      ___|\___|___|

https://aws.amazon.com/amazon-linux-2/
5 package(s) needed for security, out of 14 available
Run "sudo yum update" to apply all updates.
[ec2-user@ip-10-10-10-204 ~]$ mysql -u admin -p -h secondary-read-replicas.ciecybs8xhc4.us-east-2.rds.amazonaws.com
-bash: mysql: command not found
[ec2-user@ip-10-10-10-204 ~]$ sudo su-
sudo: su-: command not found
[ec2-user@ip-10-10-10-204 ~]$ sudo su -
[root@ip-10-10-10-204 ~]# yum install mysql
Loaded plugins: extras_suggestions, langpacks, priorities, update-motd
amzn2-core                                                                                       | 3.7 kB  00:00:00
Resolving Dependencies
--> Running transaction check
---> Package mariadb.x86_64 1:5.5.68-1.amzn2 will be installed
--> Finished Dependency Resolution

Dependencies Resolved

========================================================================================================================
 Package                  Arch                    Version                             Repository                   Size
========================================================================================================================
Installing:
 mariadb                  x86_64                  1:5.5.68-1.amzn2                    amzn2-core                  8.8 M

Transaction Summary
========================================================================================================================
Install  1 Package

Total download size: 8.8 M
Installed size: 49 M
Is this ok [y/d/N]: y
Downloading packages:
mariadb-5.5.68-1.amzn2.x86_64.rpm                                                                | 8.8 MB  00:00:00
Running transaction check
Running transaction test
Transaction test succeeded
Running transaction
  Installing : 1:mariadb-5.5.68-1.amzn2.x86_64                                                                      1/1
  Verifying  : 1:mariadb-5.5.68-1.amzn2.x86_64                                                                      1/1

Installed:
  mariadb.x86_64 1:5.5.68-1.amzn2

Complete!
[root@ip-10-10-10-204 ~]# mysql -u admin -p -h secondary-read-replicas.ciecybs8xhc4.us-east-2.rds.amazonaws.com
Enter password:
Welcome to the MariaDB monitor.  Commands end with ; or \g.
Your MySQL connection id is 28
Server version: 8.0.28 Source distribution

Copyright (c) 2000, 2018, Oracle, MariaDB Corporation Ab and others.

Type 'help;' or '\h' for help. Type '\c' to clear the current input statement.

MySQL [(none)]> show databases
    -> ;
+--------------------+
| Database           |
+--------------------+
| information_schema |
| mysql              |
| performance_schema |
| sys                |
| udacity            |
+--------------------+
5 rows in set (0.00 sec)

MySQL [(none)]> use udacity
Reading table information for completion of table and column names
You can turn off this feature to get a quicker startup with -A

Database changed
MySQL [udacity]> select * from user;
+----+-------------+
| id | name        |
+----+-------------+
| 10 | Dong Nguyen |
+----+-------------+
1 row in set (0.00 sec)
MySQL [udacity]> INSERT INTO user
    -> (id, name)
    -> VALUES
    -> (16, "Linh Tran Thi");
ERROR 1290 (HY000): The MySQL server is running with the --read-only option so it cannot execute this statement
MySQL [udacity]>